// Jest Snapshot v1, https://goo.gl/fbAQLP

exports[`should render app with the right buttons enabled / disabled 1`] = `
Object {
  "asFragment": [Function],
  "baseElement": <body>
    <div>
      <div
        class="app"
      >
        <header
          class="app-header"
        >
          <img
            alt="logo"
            class="app-logo"
            src="logo.png"
          />
          <p>
            Please upload a trial balance CSV file to check its format.
          </p>
          <div>
            <div
              class="csv-reader-input"
            >
              <label
                class="csv-reader-input__label"
                for="react-csv-reader-input"
              >
                Upload
              </label>
              <input
                accept=".csv, text/csv"
                class="csv-reader-input__button"
                id="react-csv-reader-input"
                type="file"
              />
            </div>
          </div>
          <div>
            <button
              class="process-button"
              disabled=""
            >
              Process
            </button>
          </div>
        </header>
      </div>
    </div>
  </body>,
  "container": <div>
    <div
      class="app"
    >
      <header
        class="app-header"
      >
        <img
          alt="logo"
          class="app-logo"
          src="logo.png"
        />
        <p>
          Please upload a trial balance CSV file to check its format.
        </p>
        <div>
          <div
            class="csv-reader-input"
          >
            <label
              class="csv-reader-input__label"
              for="react-csv-reader-input"
            >
              Upload
            </label>
            <input
              accept=".csv, text/csv"
              class="csv-reader-input__button"
              id="react-csv-reader-input"
              type="file"
            />
          </div>
        </div>
        <div>
          <button
            class="process-button"
            disabled=""
          >
            Process
          </button>
        </div>
      </header>
    </div>
  </div>,
  "debug": [Function],
  "findAllByAltText": [Function],
  "findAllByDisplayValue": [Function],
  "findAllByLabelText": [Function],
  "findAllByPlaceholderText": [Function],
  "findAllByRole": [Function],
  "findAllByTestId": [Function],
  "findAllByText": [Function],
  "findAllByTitle": [Function],
  "findByAltText": [Function],
  "findByDisplayValue": [Function],
  "findByLabelText": [Function],
  "findByPlaceholderText": [Function],
  "findByRole": [Function],
  "findByTestId": [Function],
  "findByText": [Function],
  "findByTitle": [Function],
  "getAllByAltText": [Function],
  "getAllByDisplayValue": [Function],
  "getAllByLabelText": [Function],
  "getAllByPlaceholderText": [Function],
  "getAllByRole": [Function],
  "getAllByTestId": [Function],
  "getAllByText": [Function],
  "getAllByTitle": [Function],
  "getByAltText": [Function],
  "getByDisplayValue": [Function],
  "getByLabelText": [Function],
  "getByPlaceholderText": [Function],
  "getByRole": [Function],
  "getByTestId": [Function],
  "getByText": [Function],
  "getByTitle": [Function],
  "queryAllByAltText": [Function],
  "queryAllByDisplayValue": [Function],
  "queryAllByLabelText": [Function],
  "queryAllByPlaceholderText": [Function],
  "queryAllByRole": [Function],
  "queryAllByTestId": [Function],
  "queryAllByText": [Function],
  "queryAllByTitle": [Function],
  "queryByAltText": [Function],
  "queryByDisplayValue": [Function],
  "queryByLabelText": [Function],
  "queryByPlaceholderText": [Function],
  "queryByRole": [Function],
  "queryByTestId": [Function],
  "queryByText": [Function],
  "queryByTitle": [Function],
  "rerender": [Function],
  "unmount": [Function],
}
`;
